{
    "user_name": "kdnakt",
    "password": "test"
}
